selected 343 pairs -> 686 sides -> 199 build points  (3.4x fewer builds)
  197 build points to run, 2 already done
[1/197] mercury@e659caf000c2                       1 tests  145.5s  eta=475m
[2/197] mercury@2528e2354296                       1 tests  166.4s  eta=507m
[3/197] asset-share-commons@79fcce8819b1           4 tests  204.3s  eta=556m
[4/197] asset-share-commons@a7b1dece99b3           4 tests  176.3s  eta=557m
[5/197] fastjson@f164d8519ff0                      1 tests  100.6s  eta=508m
[6/197] fastjson@65ae52b6b646                      1 tests  101.3s  eta=474m
[7/197] fastjson@97ee7b63bfd1                      1 tests  31.0s  eta=419m
[8/197] fastjson@0f4379b58cc5                      1 tests  1.1s  eta=365m
[9/197] fastjson@194b2995920a                      1 tests  0.4s  eta=323m
[10/197] fastjson@a72512de6ee5                      1 tests  1.1s  eta=289m
[11/197] fastjson2@1c8de338b8ab                     6 tests  0.4s  eta=262m
[12/197] fastjson2@1c400ba8a278                     6 tests  1.1s  eta=239m
[13/197] fastjson2@885f3d45e13b                     4 tests  0.4s  eta=219m
[14/197] fastjson2@63f7d11430c5                     4 tests  1.1s  eta=203m
[15/197] fastjson2@720c15a01b77                     2 tests  0.4s  eta=188m
[16/197] fastjson2@263805878f59                     2 tests  1.1s  eta=176m
[17/197] fastjson2@949c422c4a95                     3 tests  0.4s  eta=165m
[18/197] fastjson2@4d71c705c653                     2 tests  1.0s  eta=155m
[19/197] fastjson2@62a67f2602c5                     2 tests  0.4s  eta=146m
[20/197] fastjson2@2da286c2a998                     2 tests  1.1s  eta=138m
[21/197] fastjson2@013b7a1de1cf                    20 tests  0.4s  eta=131m
[22/197] fastjson2@25166fa3f31e                    20 tests  1.1s  eta=124m
[23/197] fastjson2@cda9e5dfa097                     3 tests  0.3s  eta=118m
[24/197] fastjson2@aaf9cbbdc538                     7 tests  1.1s  eta=113m
[25/197] fastjson2@d0081aeca487                     1 tests  0.9s  eta=108m
[26/197] fastjson2@927bb9f19176                     1 tests  2.1s  eta=103m
[27/197] fastjson2@42046295cef2                     3 tests  1.1s  eta=99m
[28/197] fastjson2@ca1d527e6407                     3 tests  0.4s  eta=95m
[29/197] fastjson2@b4e69f91879a                     3 tests  1.1s  eta=91m
[30/197] fastjson2@b05c4f17d934                     2 tests  0.5s  eta=88m
[31/197] fastjson2@2a898e6f44c4                     4 tests  1.1s  eta=84m
[32/197] innodb-java-reader@24a95d8005d4           45 tests  0.4s  eta=81m
[33/197] innodb-java-reader@56c89f0f0396           45 tests  1.1s  eta=78m
[34/197] jetcache@995e70a10281                      1 tests  0.5s  eta=76m
[35/197] jetcache@f2811b7c0715                      1 tests  1.1s  eta=73m
[36/197] nacos@83855da7340e                         2 tests  0.5s  eta=71m
[37/197] nacos@68811a7ad92d                         2 tests  1.1s  eta=68m
[38/197] testable-mock@80b0f3b87899                 1 tests  0.4s  eta=66m
[39/197] testable-mock@e1afb1cd5433                 1 tests  1.1s  eta=64m
[40/197] avro@7fd098a56064                          2 tests  0.5s  eta=62m
[41/197] avro@a6a0346b4aae                          2 tests  1.1s  eta=60m
[42/197] cloudstack@60017723357c                    2 tests  0.4s  eta=59m
[43/197] cloudstack@6eb04a86a6b6                    2 tests  1.1s  eta=57m
[44/197] cloudstack@2bb182c3e1eb                    3 tests  0.5s  eta=55m
[45/197] cloudstack@e9b24b6c3266                    3 tests  1.1s  eta=54m
[46/197] cloudstack@adec8110521b                    3 tests  0.4s  eta=52m
[47/197] cloudstack@94fd03df1373                    3 tests  1.0s  eta=51m
[48/197] cloudstack@df4cd2aae42f                    2 tests  0.5s  eta=50m
[49/197] cloudstack@96b07d797b73                    2 tests  1.1s  eta=48m
[50/197] dubbo@690d397f5e8d                         1 tests  0.4s  eta=47m
[51/197] dubbo@295f2a767f1a                         1 tests  1.1s  eta=46m
[52/197] dubbo@aa9f16e9eee8                         1 tests  0.5s  eta=45m
[53/197] dubbo@20a5efb5d11c                         1 tests  1.1s  eta=44m
[54/197] dubbo@628ad777b963                         2 tests  0.5s  eta=42m
[55/197] dubbo@8a8650f48345                         2 tests  1.1s  eta=41m
[56/197] dubbo@ba89f44f5aed                         2 tests  0.4s  eta=40m
[57/197] dubbo@f0c9b3fdd83d                         2 tests  1.1s  eta=39m
[58/197] flink@d4ca6ea2b006                         1 tests  0.4s  eta=39m
[59/197] flink@da7a6888cbee                         1 tests  1.1s  eta=38m
[60/197] hadoop@5b215f23d562                        1 tests  0.5s  eta=37m
[61/197] hadoop@d6bb47e5db2f                        1 tests  1.1s  eta=36m
[62/197] hop@da533730a386                           1 tests  0.5s  eta=35m
[63/197] hop@14bf658b2ba4                           1 tests  1.1s  eta=34m
[64/197] hop@25508de9a387                           2 tests  0.5s  eta=34m
[65/197] hop@96cfd6aab518                           3 tests  1.1s  eta=33m
[66/197] hop@1a276ede2071                           2 tests  0.4s  eta=32m
[67/197] hop@47e017985507                           1 tests  1.1s  eta=31m
[68/197] hop@aa24b9a39895                           3 tests  0.4s  eta=31m
[69/197] hop@15d79aeebe8e                           3 tests  1.1s  eta=30m
[70/197] incubator-hugegraph-tool@1c47673eb951      3 tests  0.5s  eta=29m
[71/197] incubator-hugegraph-tool@e02b7d1b05f9      3 tests  1.0s  eta=29m
[72/197] incubator-kie-drools@8440dc2d4b95          2 tests  0.5s  eta=28m
[73/197] incubator-kie-drools@4703e1241c07          2 tests  1.1s  eta=28m
[74/197] incubator-shenyu@d64041cadf8d              2 tests  0.5s  eta=27m
[75/197] incubator-shenyu@634b6bd91ad3              2 tests  1.1s  eta=27m
[76/197] incubator-streampipes@0d9712477bbc         2 tests  0.4s  eta=26m
[77/197] incubator-streampipes@33355e9de0f2         2 tests  1.1s  eta=25m
[78/197] pulsar@45e4f4a62754                        2 tests  0.4s  eta=25m
[79/197] pulsar@7dd52b8ae6ed                        2 tests  1.1s  eta=24m
[80/197] pulsar@c3292a611c9c                        3 tests  0.4s  eta=24m
[81/197] pulsar@17f71d3f73fe                        3 tests  1.1s  eta=23m
[82/197] rocketmq@95202f1e6ffc                      1 tests  0.4s  eta=23m
[83/197] rocketmq@895bd95e82e5                      1 tests  1.1s  eta=23m
[84/197] servicecomb-java-chassis@94a672f6d1f2      2 tests  0.5s  eta=22m
[85/197] servicecomb-java-chassis@ad0b38f9de90      2 tests  1.1s  eta=22m
[86/197] servicecomb-java-chassis@f37cdb10d1aa      4 tests  0.5s  eta=21m
[87/197] servicecomb-java-chassis@766ffea3d8f9      4 tests  1.1s  eta=21m
[88/197] servicecomb-java-chassis@5f02b0a33b51      1 tests  0.5s  eta=20m
[89/197] servicecomb-java-chassis@b780639a167c      1 tests  1.1s  eta=20m
[90/197] shiro@f886f2bc8bc0                         1 tests  0.5s  eta=20m
[91/197] shiro@9888e876215c                         1 tests  1.1s  eta=19m
[92/197] Struts@f46104fa210a                        1 tests  0.5s  eta=19m
[93/197] Struts@0c9d769faec4                        1 tests  1.0s  eta=18m
[94/197] apollo@a882f3e8a0fe                        1 tests  0.5s  eta=18m
[95/197] apollo@735f58876903                        1 tests  1.1s  eta=18m
[96/197] apollo@0e14333e1e45                        1 tests  0.4s  eta=17m
[97/197] apollo@b00f23873bd2                        1 tests  1.1s  eta=17m
[98/197] apollo-java@5344bc4f0728                   1 tests  0.4s  eta=17m
[99/197] apollo-java@21259e5dcef3                   1 tests  1.1s  eta=16m
[100/197] edn-java@2d37e226a242                      1 tests  0.5s  eta=16m
[101/197] edn-java@9990787136aa                      1 tests  1.1s  eta=16m
[102/197] jersey@1b992379bed0                        1 tests  0.4s  eta=16m
[103/197] jersey@47e37bd48edf                        1 tests  1.0s  eta=15m
[104/197] ecchronos@555510803657                     1 tests  0.4s  eta=15m
[105/197] ecchronos@f0c60999313d                     1 tests  1.1s  eta=15m
[106/197] json-schema@7dbae50a9227                   1 tests  0.5s  eta=14m
[107/197] json-schema@f69ea3735798                   1 tests  1.1s  eta=14m
[108/197] json-schema@43fda7d4fae9                   3 tests  0.6s  eta=14m
[109/197] json-schema@4d08550b1f2c                   3 tests  1.1s  eta=14m
[110/197] jsondoc@16d42fd32fd2                       1 tests  0.5s  eta=13m
[111/197] jsondoc@3b3907f455ba                       1 tests  1.1s  eta=13m
[112/197] java-classmate@912adde71f67                1 tests  0.6s  eta=13m
[113/197] java-classmate@bd0b344c4b3b                1 tests  1.1s  eta=12m
[114/197] flowable-engine@7cf15574622e               7 tests  0.5s  eta=12m
[115/197] flowable-engine@c8e707d5e507               7 tests  1.1s  eta=12m
[116/197] flowable-engine@d2bb4257fb00               1 tests  0.4s  eta=12m
[117/197] flowable-engine@32376804f679               1 tests  1.1s  eta=12m
[118/197] flowable-engine@98723d5abf38               2 tests  0.4s  eta=11m
[119/197] flowable-engine@0f490495615e               2 tests  1.3s  eta=11m
[120/197] appengine-plugins-core@ca2690886ea5        1 tests  1.1s  eta=11m
[121/197] appengine-plugins-core@d3160f0e47ca        1 tests  1.1s  eta=11m
[122/197] jinjava@88ba76f530a4                       3 tests  0.4s  eta=10m
[123/197] jinjava@9f06136b8d04                       3 tests  1.1s  eta=10m
[124/197] immutables@b21e6bbfbb90                    5 tests  0.5s  eta=10m
[125/197] immutables@033039a2d11c                    5 tests  1.1s  eta=10m
[126/197] jndn-utils@b4f2fb28e48d                    2 tests  0.4s  eta=10m
[127/197] jndn-utils@d82c97c579ff                    2 tests  1.1s  eta=9m
[128/197] underscore-java@63890ce2fb73               1 tests  0.4s  eta=9m
[129/197] underscore-java@595dc34189b2               1 tests  1.1s  eta=9m
[130/197] json-io@a6f9b6bbf0bd                       4 tests  0.4s  eta=9m
[131/197] json-io@d0c8b93cb45d                       6 tests  1.0s  eta=9m
[132/197] json-io@c2c007c214c5                       2 tests  0.4s  eta=8m
[133/197] json-io@01f83bad2555                       1 tests  1.1s  eta=8m
[134/197] json-io@1d2fb64e2abf                       1 tests  0.6s  eta=8m
[135/197] jmeter-maven-plugin@cd921de8c642           1 tests  1.1s  eta=8m
[136/197] jmeter-maven-plugin@6636cd7cf376           1 tests  0.4s  eta=8m
[137/197] karate@935f0a8f4355                        2 tests  1.1s  eta=7m
[138/197] karate@dbae11816f3c                        2 tests  0.4s  eta=7m
[139/197] XChange@c7dd93591637                       1 tests  1.1s  eta=7m
[140/197] XChange@f23f951c2085                       1 tests  0.4s  eta=7m
[141/197] blade@e925dead8ebe                         5 tests  1.1s  eta=7m
[142/197] blade@81ba02a5038d                         1 tests  0.4s  eta=7m
[143/197] blade@aa32ce91386f                         4 tests  1.1s  eta=6m
[144/197] hutool@8761c24e029b                        1 tests  0.4s  eta=6m
[145/197] hutool@57d68a4db19e                        1 tests  1.0s  eta=6m
[146/197] moquette@bfe4ff9b016c                      1 tests  0.4s  eta=6m
[147/197] moquette@79053a360f26                      1 tests  1.1s  eta=6m
[148/197] json-schema-validator@0c2a8558f26c         1 tests  0.4s  eta=6m
[149/197] json-schema-validator@4ac0fbd881d4         1 tests  1.1s  eta=6m
[150/197] okta-hooks-sdk-java@918778779c7f           5 tests  0.4s  eta=5m
[151/197] okta-hooks-sdk-java@8bf25c84b54e          19 tests  1.1s  eta=5m
[152/197] okta-hooks-sdk-java@e7dc6a58b8a2          14 tests  0.4s  eta=5m
[153/197] crane4j@679c3f860fb8                       2 tests  1.0s  eta=5m
[154/197] crane4j@2b793b1ccbb2                       1 tests  0.4s  eta=5m
[155/197] crane4j@b65f73245443                       1 tests  1.1s  eta=5m
[156/197] crane4j@b73311aaa99c                       2 tests  0.4s  eta=5m
[157/197] hippo4j@ee2a81f6a79a                       1 tests  1.1s  eta=4m
[158/197] hippo4j@fa206974f4c8                       1 tests  0.5s  eta=4m
[159/197] OpenRefine@a68ba3b26c96                    2 tests  1.1s  eta=4m
[160/197] OpenRefine@f329963e41db                    2 tests  0.4s  eta=4m
[161/197] weblogic-monitoring-expo@a68055cb9819      5 tests  1.1s  eta=4m
[162/197] weblogic-monitoring-expo@06e529457340      5 tests  0.4s  eta=4m
[163/197] junit-quickcheck@bcec1ae07d45              2 tests  1.1s  eta=4m
[164/197] junit-quickcheck@724299313a33              2 tests  0.4s  eta=4m
[165/197] pmd@bdc08e44fd92                           1 tests  1.1s  eta=3m
[166/197] pmd@49bf4406341e                           1 tests  0.4s  eta=3m
[167/197] emobility-smart-charging@423542cd8a12      1 tests  1.1s  eta=3m
[168/197] emobility-smart-charging@40acb938bdbb      1 tests  0.4s  eta=3m
[169/197] pair-distribution-app@0be329d2897f         7 tests  1.1s  eta=3m
[170/197] pair-distribution-app@4d0ca2bdd77f         7 tests  0.4s  eta=3m
[171/197] scimono@7487ec5c28c1                       8 tests  1.0s  eta=3m
[172/197] scimono@d57a463e66bc                       8 tests  0.4s  eta=3m
[173/197] smooks@986f4314e0e0                        1 tests  1.1s  eta=2m
[174/197] smooks@9d67d66e21b8                        1 tests  0.5s  eta=2m
[175/197] snakeyaml@626340b5bcd5                     3 tests  1.1s  eta=2m
[176/197] snakeyaml@c34cdb01a3e3                     3 tests  0.4s  eta=2m
[177/197] snakeyaml-engine@9d2bca887ad1              4 tests  1.1s  eta=2m
[178/197] snakeyaml-engine@36cd98db2e98              4 tests  0.5s  eta=2m
[179/197] sonar-php@e4bbedc022b5                     1 tests  1.1s  eta=2m
[180/197] sonar-php@562d5f3f065d                     1 tests  0.5s  eta=2m
[181/197] tools@1f593e1a45ee                         2 tests  1.1s  eta=2m
[182/197] tools@bc35e25dacb7                         2 tests  0.4s  eta=1m
[183/197] JSON-java@f346203cd663                     2 tests  1.1s  eta=1m
[184/197] JSON-java@e6d37c469de9                     3 tests  0.4s  eta=1m
[185/197] JSON-java@d677a99f4ef5                     1 tests  1.0s  eta=1m
[186/197] FluentJPA@4faabd6739e5                     1 tests  0.4s  eta=1m
[187/197] FluentJPA@8690167a82b1                     1 tests  1.1s  eta=1m
[188/197] spring-cloud-tencent@dc2185df45a3          2 tests  0.4s  eta=1m
[189/197] spring-cloud-tencent@99eee2663f18          2 tests  1.1s  eta=1m
[190/197] undertow@c33cf563c53d                      1 tests  0.4s  eta=1m
[191/197] undertow@a0e804ce6992                      1 tests  1.1s  eta=1m
[192/197] wikidata-toolkit@10f971105701              2 tests  0.4s  eta=0m
[193/197] wikidata-toolkit@eb64d3eba60e              2 tests  1.1s  eta=0m
[194/197] wildfly@d2ec064d715d                      10 tests  0.4s  eta=0m
[195/197] wildfly@5e7263b13088                      10 tests  1.0s  eta=0m
[196/197] wildfly-core@ff32351070a4                  1 tests  0.4s  eta=0m
[197/197] wildfly-core@052dff953173                  1 tests  1.1s  eta=0m

pairs: {'ok': 57, 'partial': 1}
before: {'ok': 57, 'build_failed': 1}
after:  {'ok': 57, '': 1}
